Copyright 1986-2022 Xilinx, Inc. All Rights Reserved. Copyright 2022-2025 Advanced Micro Devices, Inc. All Rights Reserved.
---------------------------------------------------------------------------------------------------------------------------------------------
| Tool Version : Vivado v.2025.2 (lin64) Build 6299465 Fri Nov 14 12:34:56 MST 2025
| Date         : Thu Mar 19 17:12:52 2026
| Host         : bren-ubuntu24-04 running 64-bit Ubuntu 24.04.4 LTS
| Command      : report_timing_summary -file /home/brendan/synthesis_workspace/CORDIC/synthesis_logs/timing_cordic_rotation_pipelined.rpt
| Design       : cordic_rotation_pipelined
| Device       : 7a35t-cpg236
| Speed File   : -1  PRODUCTION 1.23 2018-06-13
| Design State : Synthesized
---------------------------------------------------------------------------------------------------------------------------------------------

Timing Summary Report

------------------------------------------------------------------------------------------------
| Timer Settings
| --------------
------------------------------------------------------------------------------------------------

  Enable Multi Corner Analysis               :  Yes
  Enable Pessimism Removal                   :  Yes
  Pessimism Removal Resolution               :  Nearest Common Node
  Enable Input Delay Default Clock           :  No
  Enable Preset / Clear Arcs                 :  No
  Disable Flight Delays                      :  No
  Ignore I/O Paths                           :  No
  Timing Early Launch at Borrowing Latches   :  No
  Borrow Time for Max Delay Exceptions       :  Yes
  Merge Timing Exceptions                    :  Yes
  Inter-SLR Compensation                     :  Conservative

  Corner  Analyze    Analyze    
  Name    Max Paths  Min Paths  
  ------  ---------  ---------  
  Slow    Yes        Yes        
  Fast    Yes        Yes        


------------------------------------------------------------------------------------------------
| Report Methodology
| ------------------
------------------------------------------------------------------------------------------------

No report available as report_methodology has not been run prior. Run report_methodology on the current design for the summary of methodology violations.



check_timing report

Table of Contents
-----------------
1. checking no_clock (0)
2. checking constant_clock (0)
3. checking pulse_width_clock (0)
4. checking unconstrained_internal_endpoints (0)
5. checking no_input_delay (19)
6. checking no_output_delay (33)
7. checking multiple_clock (0)
8. checking generated_clocks (0)
9. checking loops (0)
10. checking partial_input_delay (0)
11. checking partial_output_delay (0)
12. checking latch_loops (0)

1. checking no_clock (0)
------------------------
 There are 0 register/latch pins with no clock.


2. checking constant_clock (0)
------------------------------
 There are 0 register/latch pins with constant_clock.


3. checking pulse_width_clock (0)
---------------------------------
 There are 0 register/latch pins which need pulse_width check


4. checking unconstrained_internal_endpoints (0)
------------------------------------------------
 There are 0 pins that are not constrained for maximum delay.

 There are 0 pins that are not constrained for maximum delay due to constant clock.


5. checking no_input_delay (19)
-------------------------------
 There are 19 input ports with no input delay specified. (HIGH)

 There are 0 input ports with no input delay but user has a false path constraint.


6. checking no_output_delay (33)
--------------------------------
 There are 33 ports with no output delay specified. (HIGH)

 There are 0 ports with no output delay but user has a false path constraint

 There are 0 ports with no output delay but with a timing clock defined on it or propagating through it


7. checking multiple_clock (0)
------------------------------
 There are 0 register/latch pins with multiple clocks.


8. checking generated_clocks (0)
--------------------------------
 There are 0 generated clocks that are not connected to a clock source.


9. checking loops (0)
---------------------
 There are 0 combinational loops in the design.


10. checking partial_input_delay (0)
------------------------------------
 There are 0 input ports with partial input delay specified.


11. checking partial_output_delay (0)
-------------------------------------
 There are 0 ports with partial output delay specified.


12. checking latch_loops (0)
----------------------------
 There are 0 combinational latch loops in the design through latch input



------------------------------------------------------------------------------------------------
| Design Timing Summary
| ---------------------
------------------------------------------------------------------------------------------------

    WNS(ns)      TNS(ns)  TNS Failing Endpoints  TNS Total Endpoints      WHS(ns)      THS(ns)  THS Failing Endpoints  THS Total Endpoints     WPWS(ns)     TPWS(ns)  TPWS Failing Endpoints  TPWS Total Endpoints  
    -------      -------  ---------------------  -------------------      -------      -------  ---------------------  -------------------     --------     --------  ----------------------  --------------------  
      6.336        0.000                      0                  763        0.139        0.000                      0                  763        4.500        0.000                       0                   785  


All user specified timing constraints are met.


------------------------------------------------------------------------------------------------
| Clock Summary
| -------------
------------------------------------------------------------------------------------------------

Clock  Waveform(ns)       Period(ns)      Frequency(MHz)
-----  ------------       ----------      --------------
CLK    {0.000 5.000}      10.000          100.000         


------------------------------------------------------------------------------------------------
| Intra Clock Table
| -----------------
------------------------------------------------------------------------------------------------

Clock             WNS(ns)      TNS(ns)  TNS Failing Endpoints  TNS Total Endpoints      WHS(ns)      THS(ns)  THS Failing Endpoints  THS Total Endpoints     WPWS(ns)     TPWS(ns)  TPWS Failing Endpoints  TPWS Total Endpoints  
-----             -------      -------  ---------------------  -------------------      -------      -------  ---------------------  -------------------     --------     --------  ----------------------  --------------------  
CLK                 6.336        0.000                      0                  763        0.139        0.000                      0                  763        4.500        0.000                       0                   785  


------------------------------------------------------------------------------------------------
| Inter Clock Table
| -----------------
------------------------------------------------------------------------------------------------

From Clock    To Clock          WNS(ns)      TNS(ns)  TNS Failing Endpoints  TNS Total Endpoints      WHS(ns)      THS(ns)  THS Failing Endpoints  THS Total Endpoints  
----------    --------          -------      -------  ---------------------  -------------------      -------      -------  ---------------------  -------------------  


------------------------------------------------------------------------------------------------
| Other Path Groups Table
| -----------------------
------------------------------------------------------------------------------------------------

Path Group    From Clock    To Clock          WNS(ns)      TNS(ns)  TNS Failing Endpoints  TNS Total Endpoints      WHS(ns)      THS(ns)  THS Failing Endpoints  THS Total Endpoints  
----------    ----------    --------          -------      -------  ---------------------  -------------------      -------      -------  ---------------------  -------------------  


------------------------------------------------------------------------------------------------
| Timing Details
| --------------
------------------------------------------------------------------------------------------------


---------------------------------------------------------------------------------------------------
From Clock:  CLK
  To Clock:  CLK

Setup :            0  Failing Endpoints,  Worst Slack        6.336ns,  Total Violation        0.000ns
Hold  :            0  Failing Endpoints,  Worst Slack        0.139ns,  Total Violation        0.000ns
PW    :            0  Failing Endpoints,  Worst Slack        4.500ns,  Total Violation        0.000ns
---------------------------------------------------------------------------------------------------


Max Delay Paths
--------------------------------------------------------------------------------------
Slack (MET) :             6.336ns  (required time - arrival time)
  Source:                 x_pipe_reg[0][0]/C
                            (rising edge-triggered cell FDRE clocked by CLK  {rise@0.000ns fall@5.000ns period=10.000ns})
  Destination:            gen_cordic_stage[0].y_pipe_reg[1][16]/D
                            (rising edge-triggered cell FDRE clocked by CLK  {rise@0.000ns fall@5.000ns period=10.000ns})
  Path Group:             CLK
  Path Type:              Setup (Max at Slow Process Corner)
  Requirement:            10.000ns  (CLK rise@10.000ns - CLK rise@0.000ns)
  Data Path Delay:        3.513ns  (logic 2.210ns (62.909%)  route 1.303ns (37.091%))
  Logic Levels:           6  (CARRY4=4 LUT1=1 LUT3=1)
  Clock Path Skew:        -0.145ns (DCD - SCD + CPR)
    Destination Clock Delay (DCD):    2.079ns = ( 12.079 - 10.000 ) 
    Source Clock Delay      (SCD):    2.402ns
    Clock Pessimism Removal (CPR):    0.178ns
  Clock Uncertainty:      0.035ns  ((TSJ^2 + TIJ^2)^1/2 + DJ) / 2 + PE
    Total System Jitter     (TSJ):    0.071ns
    Total Input Jitter      (TIJ):    0.000ns
    Discrete Jitter          (DJ):    0.000ns
    Phase Error              (PE):    0.000ns

    Location             Delay type                Incr(ns)  Path(ns)    Netlist Resource(s)
  -------------------------------------------------------------------    -------------------
                         (clock CLK rise edge)        0.000     0.000 r  
                                                      0.000     0.000 r  CLK (IN)
                         net (fo=0)                   0.000     0.000    CLK
                         IBUF (Prop_ibuf_I_O)         0.923     0.923 r  CLK_IBUF_inst/O
                         net (fo=1, unplaced)         0.800     1.722    CLK_IBUF
                         BUFG (Prop_bufg_I_O)         0.096     1.818 r  CLK_IBUF_BUFG_inst/O
                         net (fo=784, unplaced)       0.584     2.402    CLK_IBUF_BUFG
                         FDRE                                         r  x_pipe_reg[0][0]/C
  -------------------------------------------------------------------    -------------------
                         FDRE (Prop_fdre_C_Q)         0.456     2.858 f  x_pipe_reg[0][0]/Q
                         net (fo=6, unplaced)         0.343     3.201    x_pipe_reg[0][0]
                         LUT1 (Prop_lut1_I0_O)        0.295     3.496 r  gen_cordic_stage[0].y_pipe[1][4]_i_3/O
                         net (fo=1, unplaced)         0.333     3.829    gen_cordic_stage[0].y_pipe[1][4]_i_3_n_0
                         CARRY4 (Prop_carry4_CYINIT_CO[3])
                                                      0.595     4.424 r  gen_cordic_stage[0].y_pipe_reg[1][4]_i_2/CO[3]
                         net (fo=1, unplaced)         0.009     4.433    gen_cordic_stage[0].y_pipe_reg[1][4]_i_2_n_0
                         CARRY4 (Prop_carry4_CI_CO[3])
                                                      0.117     4.550 r  gen_cordic_stage[0].y_pipe_reg[1][8]_i_2/CO[3]
                         net (fo=1, unplaced)         0.000     4.550    gen_cordic_stage[0].y_pipe_reg[1][8]_i_2_n_0
                         CARRY4 (Prop_carry4_CI_CO[3])
                                                      0.117     4.667 r  gen_cordic_stage[0].y_pipe_reg[1][12]_i_2/CO[3]
                         net (fo=1, unplaced)         0.000     4.667    gen_cordic_stage[0].y_pipe_reg[1][12]_i_2_n_0
                         CARRY4 (Prop_carry4_CI_O[3])
                                                      0.331     4.998 r  gen_cordic_stage[0].y_pipe_reg[1][16]_i_2/O[3]
                         net (fo=1, unplaced)         0.618     5.616    gen_cordic_stage[0].y_pipe_reg[1][16]_i_2_n_4
                         LUT3 (Prop_lut3_I1_O)        0.299     5.915 r  gen_cordic_stage[0].y_pipe[1][16]_i_1/O
                         net (fo=1, unplaced)         0.000     5.915    gen_cordic_stage[0].y_pipe[1][16]_i_1_n_0
                         FDRE                                         r  gen_cordic_stage[0].y_pipe_reg[1][16]/D
  -------------------------------------------------------------------    -------------------

                         (clock CLK rise edge)       10.000    10.000 r  
                                                      0.000    10.000 r  CLK (IN)
                         net (fo=0)                   0.000    10.000    CLK
                         IBUF (Prop_ibuf_I_O)         0.789    10.789 r  CLK_IBUF_inst/O
                         net (fo=1, unplaced)         0.760    11.549    CLK_IBUF
                         BUFG (Prop_bufg_I_O)         0.091    11.640 r  CLK_IBUF_BUFG_inst/O
                         net (fo=784, unplaced)       0.439    12.079    CLK_IBUF_BUFG
                         FDRE                                         r  gen_cordic_stage[0].y_pipe_reg[1][16]/C
                         clock pessimism              0.178    12.257    
                         clock uncertainty           -0.035    12.222    
                         FDRE (Setup_fdre_C_D)        0.029    12.251    gen_cordic_stage[0].y_pipe_reg[1][16]
  -------------------------------------------------------------------
                         required time                         12.251    
                         arrival time                          -5.915    
  -------------------------------------------------------------------
                         slack                                  6.336    





Min Delay Paths
--------------------------------------------------------------------------------------
Slack (MET) :             0.139ns  (arrival time - required time)
  Source:                 gen_cordic_stage[1].z_pipe_reg[2][0]/C
                            (rising edge-triggered cell FDRE clocked by CLK  {rise@0.000ns fall@5.000ns period=10.000ns})
  Destination:            gen_cordic_stage[2].z_pipe_reg[3][0]/D
                            (rising edge-triggered cell FDRE clocked by CLK  {rise@0.000ns fall@5.000ns period=10.000ns})
  Path Group:             CLK
  Path Type:              Hold (Min at Fast Process Corner)
  Requirement:            0.000ns  (CLK rise@0.000ns - CLK rise@0.000ns)
  Data Path Delay:        0.375ns  (logic 0.239ns (63.779%)  route 0.136ns (36.221%))
  Logic Levels:           1  (LUT1=1)
  Clock Path Skew:        0.145ns (DCD - SCD - CPR)
    Destination Clock Delay (DCD):    0.983ns
    Source Clock Delay      (SCD):    0.629ns
    Clock Pessimism Removal (CPR):    0.209ns

    Location             Delay type                Incr(ns)  Path(ns)    Netlist Resource(s)
  -------------------------------------------------------------------    -------------------
                         (clock CLK rise edge)        0.000     0.000 r  
                                                      0.000     0.000 r  CLK (IN)
                         net (fo=0)                   0.000     0.000    CLK
                         IBUF (Prop_ibuf_I_O)         0.152     0.152 r  CLK_IBUF_inst/O
                         net (fo=1, unplaced)         0.337     0.489    CLK_IBUF
                         BUFG (Prop_bufg_I_O)         0.026     0.515 r  CLK_IBUF_BUFG_inst/O
                         net (fo=784, unplaced)       0.114     0.629    CLK_IBUF_BUFG
                         FDRE                                         r  gen_cordic_stage[1].z_pipe_reg[2][0]/C
  -------------------------------------------------------------------    -------------------
                         FDRE (Prop_fdre_C_Q)         0.141     0.770 f  gen_cordic_stage[1].z_pipe_reg[2][0]/Q
                         net (fo=2, unplaced)         0.136     0.906    gen_cordic_stage[1].z_pipe_reg[2][0]
                         LUT1 (Prop_lut1_I0_O)        0.098     1.004 r  gen_cordic_stage[2].z_pipe[3][0]_i_1/O
                         net (fo=1, unplaced)         0.000     1.004    gen_cordic_stage[2].z_pipe[3][0]_i_1_n_0
                         FDRE                                         r  gen_cordic_stage[2].z_pipe_reg[3][0]/D
  -------------------------------------------------------------------    -------------------

                         (clock CLK rise edge)        0.000     0.000 r  
                                                      0.000     0.000 r  CLK (IN)
                         net (fo=0)                   0.000     0.000    CLK
                         IBUF (Prop_ibuf_I_O)         0.340     0.340 r  CLK_IBUF_inst/O
                         net (fo=1, unplaced)         0.355     0.695    CLK_IBUF
                         BUFG (Prop_bufg_I_O)         0.029     0.724 r  CLK_IBUF_BUFG_inst/O
                         net (fo=784, unplaced)       0.259     0.983    CLK_IBUF_BUFG
                         FDRE                                         r  gen_cordic_stage[2].z_pipe_reg[3][0]/C
                         clock pessimism             -0.209     0.774    
                         FDRE (Hold_fdre_C_D)         0.091     0.865    gen_cordic_stage[2].z_pipe_reg[3][0]
  -------------------------------------------------------------------
                         required time                         -0.865    
                         arrival time                           1.004    
  -------------------------------------------------------------------
                         slack                                  0.139    





Pulse Width Checks
--------------------------------------------------------------------------------------
Clock Name:         CLK
Waveform(ns):       { 0.000 5.000 }
Period(ns):         10.000
Sources:            { CLK }

Check Type        Corner  Lib Pin  Reference Pin  Required(ns)  Actual(ns)  Slack(ns)  Location  Pin
Min Period        n/a     BUFG/I   n/a            2.155         10.000      7.845                CLK_IBUF_BUFG_inst/I
Low Pulse Width   Slow    FDRE/C   n/a            0.500         5.000       4.500                COS_OUT_reg[0]/C
High Pulse Width  Slow    FDRE/C   n/a            0.500         5.000       4.500                COS_OUT_reg[0]/C



