#-----------------------------------------------------------
# Vivado v2025.2 (64-bit)
# SW Build 6299465 on Fri Nov 14 12:34:56 MST 2025
# IP Build 6300035 on Fri Nov 14 10:48:45 MST 2025
# SharedData Build 6298862 on Thu Nov 13 04:50:51 MST 2025
# Start of session at: Thu Mar 19 17:11:06 2026
# Process ID         : 15652
# Current directory  : /home/brendan/synthesis_workspace/CORDIC/synthesis_logs
# Command line       : vivado -mode batch -source synth_cordic_hyperbolic_iterative.tcl -log vivado_cordic_hyperbolic_iterative.log -journal vivado_cordic_hyperbolic_iterative.jou
# Log file           : /home/brendan/synthesis_workspace/CORDIC/synthesis_logs/vivado_cordic_hyperbolic_iterative.log
# Journal file       : /home/brendan/synthesis_workspace/CORDIC/synthesis_logs/vivado_cordic_hyperbolic_iterative.jou
# Running On         : bren-ubuntu24-04
# Platform           : Ubuntu
# Operating System   : Ubuntu 24.04.4 LTS
# Processor Detail   : Intel(R) Core(TM) i7-3770 CPU @ 3.40GHz
# CPU Frequency      : 3376.068 MHz
# CPU Physical cores : 4
# CPU Logical cores  : 8
# Host memory        : 16630 MB
# Swap memory        : 4294 MB
# Total Virtual      : 20925 MB
# Available Virtual  : 15100 MB
#-----------------------------------------------------------
source synth_cordic_hyperbolic_iterative.tcl
# set_param general.maxThreads 4
# create_project -in_memory -part xc7a35tcpg236-1
# read_verilog -sv /home/brendan/synthesis_workspace/CORDIC/cordic_hyperbolic_iterative.sv
# set xdc_file "/home/brendan/synthesis_workspace/CORDIC/synthesis_logs/clock_cordic_hyperbolic_iterative.xdc"
# set fp [open $xdc_file w]
# puts $fp "create_clock -period 10.000 -name CLK \[get_ports CLK\]"
# close $fp
# read_xdc $xdc_file
# synth_design -top cordic_hyperbolic_iterative -part xc7a35tcpg236-1
Command: synth_design -top cordic_hyperbolic_iterative -part xc7a35tcpg236-1
Starting synth_design
Attempting to get a license for feature 'Synthesis' and/or device 'xc7a35t'
INFO: [Common 17-349] Got license for feature 'Synthesis' and/or device 'xc7a35t'
INFO: [Device 21-403] Loading part xc7a35tcpg236-1
INFO: [Synth 8-7079] Multithreading enabled for synth_design using a maximum of 4 processes.
INFO: [Synth 8-7078] Launching helper process for spawning children vivado processes
INFO: [Synth 8-7075] Helper process launched with PID 15678
---------------------------------------------------------------------------------
Starting RTL Elaboration : Time (s): cpu = 00:00:06 ; elapsed = 00:00:06 . Memory (MB): peak = 2216.367 ; gain = 484.875 ; free physical = 8116 ; free virtual = 13076
---------------------------------------------------------------------------------
INFO: [Synth 8-6157] synthesizing module 'cordic_hyperbolic_iterative' [/home/brendan/synthesis_workspace/CORDIC/cordic_hyperbolic_iterative.sv:39]
INFO: [Synth 8-294] found qualifier unique on case statement: implementing as parallel_case [/home/brendan/synthesis_workspace/CORDIC/cordic_hyperbolic_iterative.sv:151]
INFO: [Synth 8-6155] done synthesizing module 'cordic_hyperbolic_iterative' (0#1) [/home/brendan/synthesis_workspace/CORDIC/cordic_hyperbolic_iterative.sv:39]
---------------------------------------------------------------------------------
Finished RTL Elaboration : Time (s): cpu = 00:00:08 ; elapsed = 00:00:08 . Memory (MB): peak = 2302.336 ; gain = 570.844 ; free physical = 8033 ; free virtual = 12993
---------------------------------------------------------------------------------
---------------------------------------------------------------------------------
Start Handling Custom Attributes
---------------------------------------------------------------------------------
---------------------------------------------------------------------------------
Finished Handling Custom Attributes : Time (s): cpu = 00:00:08 ; elapsed = 00:00:08 . Memory (MB): peak = 2314.211 ; gain = 582.719 ; free physical = 8033 ; free virtual = 12993
---------------------------------------------------------------------------------
---------------------------------------------------------------------------------
Finished RTL Optimization Phase 1 : Time (s): cpu = 00:00:08 ; elapsed = 00:00:08 . Memory (MB): peak = 2314.211 ; gain = 582.719 ; free physical = 8033 ; free virtual = 12993
---------------------------------------------------------------------------------
Netlist sorting complete. Time (s): cpu = 00:00:00 ; elapsed = 00:00:00 . Memory (MB): peak = 2314.211 ; gain = 0.000 ; free physical = 8033 ; free virtual = 12993
INFO: [Project 1-570] Preparing netlist for logic optimization

Processing XDC Constraints
Initializing timing engine
Parsing XDC File [/home/brendan/synthesis_workspace/CORDIC/synthesis_logs/clock_cordic_hyperbolic_iterative.xdc]
Finished Parsing XDC File [/home/brendan/synthesis_workspace/CORDIC/synthesis_logs/clock_cordic_hyperbolic_iterative.xdc]
Completed Processing XDC Constraints

Netlist sorting complete. Time (s): cpu = 00:00:00.01 ; elapsed = 00:00:00 . Memory (MB): peak = 2467.195 ; gain = 0.000 ; free physical = 8041 ; free virtual = 13002
INFO: [Project 1-111] Unisim Transformation Summary:
No Unisim elements were transformed.

Constraint Validation Runtime : Time (s): cpu = 00:00:00 ; elapsed = 00:00:00 . Memory (MB): peak = 2467.230 ; gain = 0.000 ; free physical = 8041 ; free virtual = 13002
---------------------------------------------------------------------------------
Finished Constraint Validation : Time (s): cpu = 00:00:17 ; elapsed = 00:00:17 . Memory (MB): peak = 2467.230 ; gain = 735.738 ; free physical = 8112 ; free virtual = 13072
---------------------------------------------------------------------------------
---------------------------------------------------------------------------------
Start Loading Part and Timing Information
---------------------------------------------------------------------------------
Loading part: xc7a35tcpg236-1
---------------------------------------------------------------------------------
Finished Loading Part and Timing Information : Time (s): cpu = 00:00:17 ; elapsed = 00:00:17 . Memory (MB): peak = 2479.406 ; gain = 747.914 ; free physical = 8112 ; free virtual = 13072
---------------------------------------------------------------------------------
---------------------------------------------------------------------------------
Start Applying 'set_property' XDC Constraints
---------------------------------------------------------------------------------
---------------------------------------------------------------------------------
Finished applying 'set_property' XDC Constraints : Time (s): cpu = 00:00:17 ; elapsed = 00:00:17 . Memory (MB): peak = 2479.406 ; gain = 747.914 ; free physical = 8112 ; free virtual = 13072
---------------------------------------------------------------------------------
---------------------------------------------------------------------------------
Finished RTL Optimization Phase 2 : Time (s): cpu = 00:00:17 ; elapsed = 00:00:18 . Memory (MB): peak = 2479.406 ; gain = 747.914 ; free physical = 8118 ; free virtual = 13079
---------------------------------------------------------------------------------
---------------------------------------------------------------------------------
Start RTL Component Statistics 
---------------------------------------------------------------------------------
Detailed RTL Component Info : 
+---Adders : 
	   3 Input   18 Bit       Adders := 3     
	   2 Input    6 Bit       Adders := 1     
+---Registers : 
	               18 Bit    Registers := 3     
	               16 Bit    Registers := 2     
	                6 Bit    Registers := 1     
	                1 Bit    Registers := 1     
+---Muxes : 
	   2 Input   32 Bit        Muxes := 1     
	   4 Input   32 Bit        Muxes := 1     
	   2 Input   18 Bit        Muxes := 6     
	   4 Input   18 Bit        Muxes := 3     
	  15 Input   16 Bit        Muxes := 1     
	   2 Input    6 Bit        Muxes := 1     
	   4 Input    6 Bit        Muxes := 1     
	   2 Input    1 Bit        Muxes := 4     
	   4 Input    1 Bit        Muxes := 4     
---------------------------------------------------------------------------------
Finished RTL Component Statistics 
---------------------------------------------------------------------------------
---------------------------------------------------------------------------------
Start Part Resource Summary
---------------------------------------------------------------------------------
Part Resources:
DSPs: 90 (col length:60)
BRAMs: 100 (col length: RAMB18 60 RAMB36 30)
---------------------------------------------------------------------------------
Finished Part Resource Summary
---------------------------------------------------------------------------------
---------------------------------------------------------------------------------
Start Cross Boundary and Area Optimization
---------------------------------------------------------------------------------
---------------------------------------------------------------------------------
Finished Cross Boundary and Area Optimization : Time (s): cpu = 00:00:21 ; elapsed = 00:00:21 . Memory (MB): peak = 2479.406 ; gain = 747.914 ; free physical = 8110 ; free virtual = 13076
---------------------------------------------------------------------------------
---------------------------------------------------------------------------------
Start ROM, RAM, DSP, Shift Register and Retiming Reporting
---------------------------------------------------------------------------------

ROM: Preliminary Mapping Report
+----------------------------+----------------+---------------+----------------+
|Module Name                 | RTL Object     | Depth x Width | Implemented As | 
+----------------------------+----------------+---------------+----------------+
|cordic_hyperbolic_iterative | schedule_lut   | 32x5          | LUT            | 
|cordic_hyperbolic_iterative | schedule_shift | 32x5          | LUT            | 
|cordic_hyperbolic_iterative | p_0_out        | 32x5          | LUT            | 
|cordic_hyperbolic_iterative | p_0_out        | 32x5          | LUT            | 
+----------------------------+----------------+---------------+----------------+

---------------------------------------------------------------------------------
Finished ROM, RAM, DSP, Shift Register and Retiming Reporting
---------------------------------------------------------------------------------
---------------------------------------------------------------------------------
Start Applying XDC Timing Constraints
---------------------------------------------------------------------------------
---------------------------------------------------------------------------------
Finished Applying XDC Timing Constraints : Time (s): cpu = 00:00:26 ; elapsed = 00:00:27 . Memory (MB): peak = 2528.406 ; gain = 796.914 ; free physical = 8014 ; free virtual = 12980
---------------------------------------------------------------------------------
---------------------------------------------------------------------------------
Start Timing Optimization
---------------------------------------------------------------------------------
---------------------------------------------------------------------------------
Finished Timing Optimization : Time (s): cpu = 00:00:28 ; elapsed = 00:00:29 . Memory (MB): peak = 2580.453 ; gain = 848.961 ; free physical = 7968 ; free virtual = 12934
---------------------------------------------------------------------------------
---------------------------------------------------------------------------------
Start Technology Mapping
---------------------------------------------------------------------------------
---------------------------------------------------------------------------------
Finished Technology Mapping : Time (s): cpu = 00:00:28 ; elapsed = 00:00:29 . Memory (MB): peak = 2580.453 ; gain = 848.961 ; free physical = 7968 ; free virtual = 12934
---------------------------------------------------------------------------------
---------------------------------------------------------------------------------
Start IO Insertion
---------------------------------------------------------------------------------
---------------------------------------------------------------------------------
Start Flattening Before IO Insertion
---------------------------------------------------------------------------------
---------------------------------------------------------------------------------
Finished Flattening Before IO Insertion
---------------------------------------------------------------------------------
---------------------------------------------------------------------------------
Start Final Netlist Cleanup
---------------------------------------------------------------------------------
---------------------------------------------------------------------------------
Finished Final Netlist Cleanup
---------------------------------------------------------------------------------
---------------------------------------------------------------------------------
Finished IO Insertion : Time (s): cpu = 00:00:33 ; elapsed = 00:00:33 . Memory (MB): peak = 2731.266 ; gain = 999.773 ; free physical = 7848 ; free virtual = 12814
---------------------------------------------------------------------------------
---------------------------------------------------------------------------------
Start Renaming Generated Instances
---------------------------------------------------------------------------------
---------------------------------------------------------------------------------
Finished Renaming Generated Instances : Time (s): cpu = 00:00:33 ; elapsed = 00:00:33 . Memory (MB): peak = 2731.266 ; gain = 999.773 ; free physical = 7848 ; free virtual = 12814
---------------------------------------------------------------------------------
---------------------------------------------------------------------------------
Start Rebuilding User Hierarchy
---------------------------------------------------------------------------------
---------------------------------------------------------------------------------
Finished Rebuilding User Hierarchy : Time (s): cpu = 00:00:33 ; elapsed = 00:00:34 . Memory (MB): peak = 2731.266 ; gain = 999.773 ; free physical = 7848 ; free virtual = 12814
---------------------------------------------------------------------------------
---------------------------------------------------------------------------------
Start Renaming Generated Ports
---------------------------------------------------------------------------------
---------------------------------------------------------------------------------
Finished Renaming Generated Ports : Time (s): cpu = 00:00:33 ; elapsed = 00:00:34 . Memory (MB): peak = 2731.266 ; gain = 999.773 ; free physical = 7848 ; free virtual = 12814
---------------------------------------------------------------------------------
---------------------------------------------------------------------------------
Start Handling Custom Attributes
---------------------------------------------------------------------------------
---------------------------------------------------------------------------------
Finished Handling Custom Attributes : Time (s): cpu = 00:00:33 ; elapsed = 00:00:34 . Memory (MB): peak = 2731.266 ; gain = 999.773 ; free physical = 7848 ; free virtual = 12814
---------------------------------------------------------------------------------
---------------------------------------------------------------------------------
Start Renaming Generated Nets
---------------------------------------------------------------------------------
---------------------------------------------------------------------------------
Finished Renaming Generated Nets : Time (s): cpu = 00:00:33 ; elapsed = 00:00:34 . Memory (MB): peak = 2731.266 ; gain = 999.773 ; free physical = 7848 ; free virtual = 12814
---------------------------------------------------------------------------------
---------------------------------------------------------------------------------
Start Writing Synthesis Report
---------------------------------------------------------------------------------

Report BlackBoxes: 
+-+--------------+----------+
| |BlackBox name |Instances |
+-+--------------+----------+
+-+--------------+----------+

Report Cell Usage: 
+------+-------+------+
|      |Cell   |Count |
+------+-------+------+
|1     |BUFG   |     1|
|2     |CARRY4 |    15|
|3     |LUT1   |     2|
|4     |LUT2   |     7|
|5     |LUT3   |    43|
|6     |LUT4   |     1|
|7     |LUT5   |    61|
|8     |LUT6   |    41|
|9     |FDRE   |    94|
|10    |FDSE   |     1|
|11    |IBUF   |    20|
|12    |OBUF   |    33|
+------+-------+------+
---------------------------------------------------------------------------------
Finished Writing Synthesis Report : Time (s): cpu = 00:00:33 ; elapsed = 00:00:34 . Memory (MB): peak = 2731.266 ; gain = 999.773 ; free physical = 7848 ; free virtual = 12814
---------------------------------------------------------------------------------
Synthesis finished with 0 errors, 0 critical warnings and 0 warnings.
Synthesis Optimization Runtime : Time (s): cpu = 00:00:31 ; elapsed = 00:00:32 . Memory (MB): peak = 2731.266 ; gain = 846.754 ; free physical = 7848 ; free virtual = 12814
Synthesis Optimization Complete : Time (s): cpu = 00:00:33 ; elapsed = 00:00:34 . Memory (MB): peak = 2731.273 ; gain = 999.773 ; free physical = 7848 ; free virtual = 12814
INFO: [Project 1-571] Translating synthesized netlist
Netlist sorting complete. Time (s): cpu = 00:00:00 ; elapsed = 00:00:00.01 . Memory (MB): peak = 2731.273 ; gain = 0.000 ; free physical = 7848 ; free virtual = 12814
INFO: [Netlist 29-17] Analyzing 15 Unisim elements for replacement
INFO: [Netlist 29-28] Unisim Transformation completed in 0 CPU seconds
INFO: [Project 1-570] Preparing netlist for logic optimization
Parsing XDC File [/home/brendan/synthesis_workspace/CORDIC/synthesis_logs/clock_cordic_hyperbolic_iterative.xdc]
Finished Parsing XDC File [/home/brendan/synthesis_workspace/CORDIC/synthesis_logs/clock_cordic_hyperbolic_iterative.xdc]
INFO: [Opt 31-138] Pushed 0 inverter(s) to 0 load pin(s).
Netlist sorting complete. Time (s): cpu = 00:00:00 ; elapsed = 00:00:00 . Memory (MB): peak = 2767.898 ; gain = 0.000 ; free physical = 7964 ; free virtual = 12930
INFO: [Project 1-111] Unisim Transformation Summary:
No Unisim elements were transformed.

Synth Design complete | Checksum: 23ce67f2
INFO: [Common 17-83] Releasing license: Synthesis
17 Infos, 0 Warnings, 0 Critical Warnings and 0 Errors encountered.
synth_design completed successfully
synth_design: Time (s): cpu = 00:00:42 ; elapsed = 00:00:40 . Memory (MB): peak = 2767.934 ; gain = 1159.613 ; free physical = 7964 ; free virtual = 12930
INFO: [Common 17-2834] synth_design peak Physical Memory [PSS] (MB): overall = 2138.084; main = 2089.692; forked = 345.558
INFO: [Common 17-2834] synth_design peak Virtual Memory [VSS] (MB): overall = 3619.473; main = 2767.902; forked = 1028.016
# report_utilization -file /home/brendan/synthesis_workspace/CORDIC/synthesis_logs/utilization_cordic_hyperbolic_iterative.rpt
# report_timing_summary -file /home/brendan/synthesis_workspace/CORDIC/synthesis_logs/timing_cordic_hyperbolic_iterative.rpt
INFO: [Timing 38-35] Done setting XDC timing constraints.
INFO: [Timing 38-91] UpdateTimingParams: Speed grade: -1, Delay Type: min_max.
INFO: [Timing 38-191] Multithreading enabled for timing update using a maximum of 4 CPUs
report_timing_summary: Time (s): cpu = 00:00:06 ; elapsed = 00:00:06 . Memory (MB): peak = 2783.898 ; gain = 15.965 ; free physical = 8002 ; free virtual = 12968
INFO: [Common 17-206] Exiting Vivado at Thu Mar 19 17:11:58 2026...
