#-----------------------------------------------------------
# Vivado v2025.2 (64-bit)
# SW Build 6299465 on Fri Nov 14 12:34:56 MST 2025
# IP Build 6300035 on Fri Nov 14 10:48:45 MST 2025
# SharedData Build 6298862 on Thu Nov 13 04:50:51 MST 2025
# Start of session at: Thu Mar 19 17:10:13 2026
# Process ID         : 15302
# Current directory  : /home/brendan/synthesis_workspace/CORDIC/synthesis_logs
# Command line       : vivado -mode batch -source synth_cordic_linear_iterative.tcl -log vivado_cordic_linear_iterative.log -journal vivado_cordic_linear_iterative.jou
# Log file           : /home/brendan/synthesis_workspace/CORDIC/synthesis_logs/vivado_cordic_linear_iterative.log
# Journal file       : /home/brendan/synthesis_workspace/CORDIC/synthesis_logs/vivado_cordic_linear_iterative.jou
# Running On         : bren-ubuntu24-04
# Platform           : Ubuntu
# Operating System   : Ubuntu 24.04.4 LTS
# Processor Detail   : Intel(R) Core(TM) i7-3770 CPU @ 3.40GHz
# CPU Frequency      : 2795.640 MHz
# CPU Physical cores : 4
# CPU Logical cores  : 8
# Host memory        : 16630 MB
# Swap memory        : 4294 MB
# Total Virtual      : 20925 MB
# Available Virtual  : 15132 MB
#-----------------------------------------------------------
source synth_cordic_linear_iterative.tcl
# set_param general.maxThreads 4
# create_project -in_memory -part xc7a35tcpg236-1
# read_verilog -sv /home/brendan/synthesis_workspace/CORDIC/cordic_linear_iterative.sv
# set xdc_file "/home/brendan/synthesis_workspace/CORDIC/synthesis_logs/clock_cordic_linear_iterative.xdc"
# set fp [open $xdc_file w]
# puts $fp "create_clock -period 10.000 -name CLK \[get_ports CLK\]"
# close $fp
# read_xdc $xdc_file
# synth_design -top cordic_linear_iterative -part xc7a35tcpg236-1
Command: synth_design -top cordic_linear_iterative -part xc7a35tcpg236-1
Starting synth_design
Attempting to get a license for feature 'Synthesis' and/or device 'xc7a35t'
INFO: [Common 17-349] Got license for feature 'Synthesis' and/or device 'xc7a35t'
INFO: [Device 21-403] Loading part xc7a35tcpg236-1
INFO: [Synth 8-7079] Multithreading enabled for synth_design using a maximum of 4 processes.
INFO: [Synth 8-7078] Launching helper process for spawning children vivado processes
INFO: [Synth 8-7075] Helper process launched with PID 15365
---------------------------------------------------------------------------------
Starting RTL Elaboration : Time (s): cpu = 00:00:06 ; elapsed = 00:00:06 . Memory (MB): peak = 2216.406 ; gain = 481.875 ; free physical = 8149 ; free virtual = 13107
---------------------------------------------------------------------------------
INFO: [Synth 8-6157] synthesizing module 'cordic_linear_iterative' [/home/brendan/synthesis_workspace/CORDIC/cordic_linear_iterative.sv:40]
INFO: [Synth 8-294] found qualifier unique on case statement: implementing as parallel_case [/home/brendan/synthesis_workspace/CORDIC/cordic_linear_iterative.sv:85]
INFO: [Synth 8-6155] done synthesizing module 'cordic_linear_iterative' (0#1) [/home/brendan/synthesis_workspace/CORDIC/cordic_linear_iterative.sv:40]
---------------------------------------------------------------------------------
Finished RTL Elaboration : Time (s): cpu = 00:00:08 ; elapsed = 00:00:08 . Memory (MB): peak = 2302.375 ; gain = 567.844 ; free physical = 8070 ; free virtual = 13029
---------------------------------------------------------------------------------
---------------------------------------------------------------------------------
Start Handling Custom Attributes
---------------------------------------------------------------------------------
---------------------------------------------------------------------------------
Finished Handling Custom Attributes : Time (s): cpu = 00:00:08 ; elapsed = 00:00:08 . Memory (MB): peak = 2314.250 ; gain = 579.719 ; free physical = 8070 ; free virtual = 13029
---------------------------------------------------------------------------------
---------------------------------------------------------------------------------
Finished RTL Optimization Phase 1 : Time (s): cpu = 00:00:08 ; elapsed = 00:00:08 . Memory (MB): peak = 2314.250 ; gain = 579.719 ; free physical = 8070 ; free virtual = 13029
---------------------------------------------------------------------------------
Netlist sorting complete. Time (s): cpu = 00:00:00 ; elapsed = 00:00:00 . Memory (MB): peak = 2314.250 ; gain = 0.000 ; free physical = 8070 ; free virtual = 13029
INFO: [Project 1-570] Preparing netlist for logic optimization

Processing XDC Constraints
Initializing timing engine
Parsing XDC File [/home/brendan/synthesis_workspace/CORDIC/synthesis_logs/clock_cordic_linear_iterative.xdc]
Finished Parsing XDC File [/home/brendan/synthesis_workspace/CORDIC/synthesis_logs/clock_cordic_linear_iterative.xdc]
Completed Processing XDC Constraints

Netlist sorting complete. Time (s): cpu = 00:00:00 ; elapsed = 00:00:00 . Memory (MB): peak = 2477.266 ; gain = 0.000 ; free physical = 8084 ; free virtual = 13043
INFO: [Project 1-111] Unisim Transformation Summary:
No Unisim elements were transformed.

Constraint Validation Runtime : Time (s): cpu = 00:00:00.01 ; elapsed = 00:00:00 . Memory (MB): peak = 2477.301 ; gain = 0.000 ; free physical = 8084 ; free virtual = 13043
---------------------------------------------------------------------------------
Finished Constraint Validation : Time (s): cpu = 00:00:17 ; elapsed = 00:00:17 . Memory (MB): peak = 2477.301 ; gain = 742.770 ; free physical = 8089 ; free virtual = 13048
---------------------------------------------------------------------------------
---------------------------------------------------------------------------------
Start Loading Part and Timing Information
---------------------------------------------------------------------------------
Loading part: xc7a35tcpg236-1
---------------------------------------------------------------------------------
Finished Loading Part and Timing Information : Time (s): cpu = 00:00:17 ; elapsed = 00:00:17 . Memory (MB): peak = 2489.477 ; gain = 754.945 ; free physical = 8089 ; free virtual = 13048
---------------------------------------------------------------------------------
---------------------------------------------------------------------------------
Start Applying 'set_property' XDC Constraints
---------------------------------------------------------------------------------
---------------------------------------------------------------------------------
Finished applying 'set_property' XDC Constraints : Time (s): cpu = 00:00:17 ; elapsed = 00:00:17 . Memory (MB): peak = 2489.477 ; gain = 754.945 ; free physical = 8089 ; free virtual = 13048
---------------------------------------------------------------------------------
INFO: [Synth 8-802] inferred FSM for state register 'state_reg' in module 'cordic_linear_iterative'
---------------------------------------------------------------------------------------------------
                   State |                     New Encoding |                Previous Encoding 
---------------------------------------------------------------------------------------------------
                  S_IDLE |                              001 | 00000000000000000000000000000000
               S_ITERATE |                              010 | 00000000000000000000000000000001
                S_OUTPUT |                              100 | 00000000000000000000000000000010
---------------------------------------------------------------------------------------------------
INFO: [Synth 8-3354] encoded FSM with state register 'state_reg' using encoding 'one-hot' in module 'cordic_linear_iterative'
---------------------------------------------------------------------------------
Finished RTL Optimization Phase 2 : Time (s): cpu = 00:00:17 ; elapsed = 00:00:18 . Memory (MB): peak = 2489.477 ; gain = 754.945 ; free physical = 8088 ; free virtual = 13049
---------------------------------------------------------------------------------
---------------------------------------------------------------------------------
Start RTL Component Statistics 
---------------------------------------------------------------------------------
Detailed RTL Component Info : 
+---Adders : 
	   2 Input   32 Bit       Adders := 1     
	   2 Input   18 Bit       Adders := 2     
	   3 Input   18 Bit       Adders := 2     
	   2 Input    4 Bit       Adders := 1     
+---Registers : 
	               18 Bit    Registers := 3     
	               16 Bit    Registers := 3     
	                4 Bit    Registers := 1     
	                1 Bit    Registers := 2     
+---Muxes : 
	   2 Input   18 Bit        Muxes := 6     
	   3 Input   18 Bit        Muxes := 2     
	   3 Input    4 Bit        Muxes := 1     
	   2 Input    1 Bit        Muxes := 2     
	   3 Input    1 Bit        Muxes := 6     
---------------------------------------------------------------------------------
Finished RTL Component Statistics 
---------------------------------------------------------------------------------
---------------------------------------------------------------------------------
Start Part Resource Summary
---------------------------------------------------------------------------------
Part Resources:
DSPs: 90 (col length:60)
BRAMs: 100 (col length: RAMB18 60 RAMB36 30)
---------------------------------------------------------------------------------
Finished Part Resource Summary
---------------------------------------------------------------------------------
---------------------------------------------------------------------------------
Start Cross Boundary and Area Optimization
---------------------------------------------------------------------------------
---------------------------------------------------------------------------------
Finished Cross Boundary and Area Optimization : Time (s): cpu = 00:00:20 ; elapsed = 00:00:20 . Memory (MB): peak = 2489.477 ; gain = 754.945 ; free physical = 8083 ; free virtual = 13048
---------------------------------------------------------------------------------
---------------------------------------------------------------------------------
Start Applying XDC Timing Constraints
---------------------------------------------------------------------------------
---------------------------------------------------------------------------------
Finished Applying XDC Timing Constraints : Time (s): cpu = 00:00:25 ; elapsed = 00:00:26 . Memory (MB): peak = 2528.477 ; gain = 793.945 ; free physical = 8014 ; free virtual = 12979
---------------------------------------------------------------------------------
---------------------------------------------------------------------------------
Start Timing Optimization
---------------------------------------------------------------------------------
---------------------------------------------------------------------------------
Finished Timing Optimization : Time (s): cpu = 00:00:26 ; elapsed = 00:00:27 . Memory (MB): peak = 2561.523 ; gain = 826.992 ; free physical = 7983 ; free virtual = 12948
---------------------------------------------------------------------------------
---------------------------------------------------------------------------------
Start Technology Mapping
---------------------------------------------------------------------------------
---------------------------------------------------------------------------------
Finished Technology Mapping : Time (s): cpu = 00:00:26 ; elapsed = 00:00:27 . Memory (MB): peak = 2561.523 ; gain = 826.992 ; free physical = 7983 ; free virtual = 12948
---------------------------------------------------------------------------------
---------------------------------------------------------------------------------
Start IO Insertion
---------------------------------------------------------------------------------
---------------------------------------------------------------------------------
Start Flattening Before IO Insertion
---------------------------------------------------------------------------------
---------------------------------------------------------------------------------
Finished Flattening Before IO Insertion
---------------------------------------------------------------------------------
---------------------------------------------------------------------------------
Start Final Netlist Cleanup
---------------------------------------------------------------------------------
---------------------------------------------------------------------------------
Finished Final Netlist Cleanup
---------------------------------------------------------------------------------
---------------------------------------------------------------------------------
Finished IO Insertion : Time (s): cpu = 00:00:31 ; elapsed = 00:00:31 . Memory (MB): peak = 2728.305 ; gain = 993.773 ; free physical = 7841 ; free virtual = 12807
---------------------------------------------------------------------------------
---------------------------------------------------------------------------------
Start Renaming Generated Instances
---------------------------------------------------------------------------------
---------------------------------------------------------------------------------
Finished Renaming Generated Instances : Time (s): cpu = 00:00:31 ; elapsed = 00:00:31 . Memory (MB): peak = 2728.305 ; gain = 993.773 ; free physical = 7841 ; free virtual = 12807
---------------------------------------------------------------------------------
---------------------------------------------------------------------------------
Start Rebuilding User Hierarchy
---------------------------------------------------------------------------------
---------------------------------------------------------------------------------
Finished Rebuilding User Hierarchy : Time (s): cpu = 00:00:31 ; elapsed = 00:00:31 . Memory (MB): peak = 2728.305 ; gain = 993.773 ; free physical = 7841 ; free virtual = 12807
---------------------------------------------------------------------------------
---------------------------------------------------------------------------------
Start Renaming Generated Ports
---------------------------------------------------------------------------------
---------------------------------------------------------------------------------
Finished Renaming Generated Ports : Time (s): cpu = 00:00:31 ; elapsed = 00:00:31 . Memory (MB): peak = 2728.305 ; gain = 993.773 ; free physical = 7841 ; free virtual = 12807
---------------------------------------------------------------------------------
---------------------------------------------------------------------------------
Start Handling Custom Attributes
---------------------------------------------------------------------------------
---------------------------------------------------------------------------------
Finished Handling Custom Attributes : Time (s): cpu = 00:00:31 ; elapsed = 00:00:31 . Memory (MB): peak = 2728.305 ; gain = 993.773 ; free physical = 7841 ; free virtual = 12807
---------------------------------------------------------------------------------
---------------------------------------------------------------------------------
Start Renaming Generated Nets
---------------------------------------------------------------------------------
---------------------------------------------------------------------------------
Finished Renaming Generated Nets : Time (s): cpu = 00:00:31 ; elapsed = 00:00:31 . Memory (MB): peak = 2728.305 ; gain = 993.773 ; free physical = 7841 ; free virtual = 12807
---------------------------------------------------------------------------------
---------------------------------------------------------------------------------
Start Writing Synthesis Report
---------------------------------------------------------------------------------

Report BlackBoxes: 
+-+--------------+----------+
| |BlackBox name |Instances |
+-+--------------+----------+
+-+--------------+----------+

Report Cell Usage: 
+------+-------+------+
|      |Cell   |Count |
+------+-------+------+
|1     |BUFG   |     1|
|2     |CARRY4 |    20|
|3     |LUT1   |     3|
|4     |LUT2   |     9|
|5     |LUT3   |     6|
|6     |LUT4   |    15|
|7     |LUT5   |    37|
|8     |LUT6   |    72|
|9     |MUXF7  |     1|
|10    |FDRE   |   109|
|11    |IBUF   |    53|
|12    |OBUF   |    49|
+------+-------+------+
---------------------------------------------------------------------------------
Finished Writing Synthesis Report : Time (s): cpu = 00:00:31 ; elapsed = 00:00:31 . Memory (MB): peak = 2728.305 ; gain = 993.773 ; free physical = 7841 ; free virtual = 12807
---------------------------------------------------------------------------------
Synthesis finished with 0 errors, 0 critical warnings and 0 warnings.
Synthesis Optimization Runtime : Time (s): cpu = 00:00:29 ; elapsed = 00:00:29 . Memory (MB): peak = 2728.305 ; gain = 830.723 ; free physical = 7842 ; free virtual = 12807
Synthesis Optimization Complete : Time (s): cpu = 00:00:31 ; elapsed = 00:00:31 . Memory (MB): peak = 2728.312 ; gain = 993.773 ; free physical = 7842 ; free virtual = 12807
INFO: [Project 1-571] Translating synthesized netlist
Netlist sorting complete. Time (s): cpu = 00:00:00 ; elapsed = 00:00:00 . Memory (MB): peak = 2728.312 ; gain = 0.000 ; free physical = 7842 ; free virtual = 12807
INFO: [Netlist 29-17] Analyzing 21 Unisim elements for replacement
INFO: [Netlist 29-28] Unisim Transformation completed in 0 CPU seconds
INFO: [Project 1-570] Preparing netlist for logic optimization
Parsing XDC File [/home/brendan/synthesis_workspace/CORDIC/synthesis_logs/clock_cordic_linear_iterative.xdc]
Finished Parsing XDC File [/home/brendan/synthesis_workspace/CORDIC/synthesis_logs/clock_cordic_linear_iterative.xdc]
INFO: [Opt 31-138] Pushed 0 inverter(s) to 0 load pin(s).
Netlist sorting complete. Time (s): cpu = 00:00:00 ; elapsed = 00:00:00 . Memory (MB): peak = 2764.938 ; gain = 0.000 ; free physical = 8003 ; free virtual = 12968
INFO: [Project 1-111] Unisim Transformation Summary:
No Unisim elements were transformed.

Synth Design complete | Checksum: fd18ddd1
INFO: [Common 17-83] Releasing license: Synthesis
19 Infos, 0 Warnings, 0 Critical Warnings and 0 Errors encountered.
synth_design completed successfully
synth_design: Time (s): cpu = 00:00:40 ; elapsed = 00:00:37 . Memory (MB): peak = 2764.973 ; gain = 1152.582 ; free physical = 8002 ; free virtual = 12968
INFO: [Common 17-2834] synth_design peak Physical Memory [PSS] (MB): overall = 2218.467; main = 2098.944; forked = 345.454
INFO: [Common 17-2834] synth_design peak Virtual Memory [VSS] (MB): overall = 3698.543; main = 2764.941; forked = 1028.016
# report_utilization -file /home/brendan/synthesis_workspace/CORDIC/synthesis_logs/utilization_cordic_linear_iterative.rpt
# report_timing_summary -file /home/brendan/synthesis_workspace/CORDIC/synthesis_logs/timing_cordic_linear_iterative.rpt
INFO: [Timing 38-35] Done setting XDC timing constraints.
INFO: [Timing 38-91] UpdateTimingParams: Speed grade: -1, Delay Type: min_max.
INFO: [Timing 38-191] Multithreading enabled for timing update using a maximum of 4 CPUs
report_timing_summary: Time (s): cpu = 00:00:06 ; elapsed = 00:00:06 . Memory (MB): peak = 2780.938 ; gain = 15.965 ; free physical = 7975 ; free virtual = 12940
INFO: [Common 17-206] Exiting Vivado at Thu Mar 19 17:11:03 2026...
